// Jest Snapshot v1, https://goo.gl/fbAQLP

exports[`reusable should fail without a provider 1`] = `"Error: Are you trying to use Reusable without a ReusableProvider?"`;
